// Jest Snapshot v1, https://goo.gl/fbAQLP

exports[`should render correctly 1`] = `
.emotion-13 {
  background-color: #FFFFFF;
  border: solid 1px #8F8FA2;
  border-radius: 2px;
  color: #24252E;
  font-family: "IBM Plex Sans",sans-serif;
  font-size: 0.8125rem;
  line-height: 1rem;
  margin: 0;
  padding: calc(0.25rem - 1px) 0.25rem;
  width: 100%;
  -webkit-transition-property: box-shadow;
  transition-property: box-shadow;
  -webkit-transition-duration: .2s;
  transition-duration: .2s;
  cursor: text;
  display: -webkit-box;
  display: -webkit-flex;
  display: -ms-flexbox;
  display: flex;
  -webkit-flex-wrap: wrap;
  -ms-flex-wrap: wrap;
  flex-wrap: wrap;
  -webkit-align-items: center;
  -webkit-box-align: center;
  -ms-flex-align: center;
  align-items: center;
}

.emotion-13[type="search"]::-webkit-search-decoration {
  display: none;
}

.emotion-13[type="search"]::-webkit-search-cancel-button {
  display: none;
}

.emotion-13[type="search"]::-webkit-search-results-button {
  display: none;
}

.emotion-13[type="search"]::-webkit-search-results-decoration {
  display: none;
}

.emotion-13:required {
  box-shadow: none;
}

.emotion-13:hover {
  border-color: #7A7B8E;
}

.emotion-13:active {
  border-color: #0069D0;
  box-shadow: 0 2px 4px 0 rgba(0,0,0,0.09);
}

.emotion-13:focus-within {
  outline: none;
  box-shadow: 0 0 0 2px #F0F0F5,0 0 0 4px #0069D0;
}

.emotion-12 {
  font-family: "IBM Plex Sans",sans-serif;
  font-size: 0.8125rem;
  color: #24252E;
  line-height: 1rem;
  background: #FFFFFF;
  padding: 0;
  -webkit-flex: 1;
  -ms-flex: 1;
  flex: 1;
  border: 0;
  outline: 0;
}

.emotion-12::-webkit-input-placeholder {
  color: #696979;
}

.emotion-12::-moz-placeholder {
  color: #696979;
}

.emotion-12:-ms-input-placeholder {
  color: #696979;
}

.emotion-12::placeholder {
  color: #696979;
}

.emotion-12:disabled {
  border-color: #D3D4DD;
  background-color: #F0F0F5;
}

.emotion-0 {
  white-space: normal;
  padding: calc(0.125rem - 1px) 0.25rem;
}

.emotion-1 {
  background: #F0F0F5;
  cursor: pointer;
  font-size: 1.25rem;
  display: -webkit-inline-box;
  display: -webkit-inline-flex;
  display: -ms-inline-flexbox;
  display: inline-flex;
  -webkit-align-items: center;
  -webkit-box-align: center;
  -ms-flex-align: center;
  align-items: center;
  padding: calc(0.125rem - 1px) 0;
}

.emotion-1:hover {
  color: #D01E29;
}

.emotion-1 svg {
  fill: currentColor;
}

.emotion-2 {
  border: 1px solid #D3D4DD;
  border-radius: 4px;
  display: -webkit-inline-box;
  display: -webkit-inline-flex;
  display: -ms-inline-flexbox;
  display: inline-flex;
  -webkit-align-items: center;
  -webkit-box-align: center;
  -ms-flex-align: center;
  align-items: center;
  font-weight: bold;
  margin-right: 0.25rem;
}

<div>
  <div
    class="emotion-13"
  >
    <span
      class="emotion-2"
    >
      <span
        class="emotion-0"
      >
        Apple
      </span>
      <span
        class="emotion-1"
        title="Remove"
      >
        <svg
          height="1em"
          viewBox="0 0 24 24"
          width="1em"
        >
          <path
            d="M8.071 6.657l4.243 4.242 4.242-4.242c.464-.48.935-.48 1.415 0s.48.95 0 1.414l-4.243 4.243 4.243 4.242c.471.472.471.943 0 1.415-.472.471-.943.471-1.415 0l-4.242-4.243L8.07 17.97c-.46.482-.932.482-1.414 0-.482-.483-.482-.954 0-1.415l4.242-4.242L6.657 8.07c-.472-.47-.472-.942 0-1.414s.943-.472 1.414 0z"
          />
        </svg>
      </span>
    </span>
    <span
      class="emotion-2"
    >
      <span
        class="emotion-0"
      >
        Banana
      </span>
      <span
        class="emotion-1"
        title="Remove"
      >
        <svg
          height="1em"
          viewBox="0 0 24 24"
          width="1em"
        >
          <path
            d="M8.071 6.657l4.243 4.242 4.242-4.242c.464-.48.935-.48 1.415 0s.48.95 0 1.414l-4.243 4.243 4.243 4.242c.471.472.471.943 0 1.415-.472.471-.943.471-1.415 0l-4.242-4.243L8.07 17.97c-.46.482-.932.482-1.414 0-.482-.483-.482-.954 0-1.415l4.242-4.242L6.657 8.07c-.472-.47-.472-.942 0-1.414s.943-.472 1.414 0z"
          />
        </svg>
      </span>
    </span>
    <span
      class="emotion-2"
    >
      <span
        class="emotion-0"
      >
        Grape
      </span>
      <span
        class="emotion-1"
        title="Remove"
      >
        <svg
          height="1em"
          viewBox="0 0 24 24"
          width="1em"
        >
          <path
            d="M8.071 6.657l4.243 4.242 4.242-4.242c.464-.48.935-.48 1.415 0s.48.95 0 1.414l-4.243 4.243 4.243 4.242c.471.472.471.943 0 1.415-.472.471-.943.471-1.415 0l-4.242-4.243L8.07 17.97c-.46.482-.932.482-1.414 0-.482-.483-.482-.954 0-1.415l4.242-4.242L6.657 8.07c-.472-.47-.472-.942 0-1.414s.943-.472 1.414 0z"
          />
        </svg>
      </span>
    </span>
    <span
      class="emotion-2"
    >
      <span
        class="emotion-0"
      >
        Pear
      </span>
      <span
        class="emotion-1"
        title="Remove"
      >
        <svg
          height="1em"
          viewBox="0 0 24 24"
          width="1em"
        >
          <path
            d="M8.071 6.657l4.243 4.242 4.242-4.242c.464-.48.935-.48 1.415 0s.48.95 0 1.414l-4.243 4.243 4.243 4.242c.471.472.471.943 0 1.415-.472.471-.943.471-1.415 0l-4.242-4.243L8.07 17.97c-.46.482-.932.482-1.414 0-.482-.483-.482-.954 0-1.415l4.242-4.242L6.657 8.07c-.472-.47-.472-.942 0-1.414s.943-.472 1.414 0z"
          />
        </svg>
      </span>
    </span>
    <input
      class="emotion-12"
      type="text"
    />
  </div>
</div>
`;
