// Jest Snapshot v1, https://goo.gl/fbAQLP

exports[`should render correctly 1`] = `
.emotion-2 {
  list-style: none;
  margin: 0;
  padding: 0;
  border: 1px solid #D3D4DD;
  border-radius: 2px;
  background-color: #FFFFFF;
  box-shadow: 0 2px 4px -1px rgba(0,0,0,0.2),0 1px 10px 0 rgba(0,0,0,0.12),0 4px 5px 0 rgba(0,0,0,0.14);
  max-height: 20rem;
  overflow-y: auto;
  overflow-x: hidden;
  width: 100%;
  z-index: 1300;
}

.emotion-0 {
  font-family: "IBM Plex Sans",sans-serif;
  font-size: 0.8125rem;
  line-height: 1.5;
  color: #24252E;
  border-bottom: 1px solid #D3D4DD;
  cursor: pointer;
  padding: 0.5rem 0.5rem;
  -webkit-transition: .1s ease;
  transition: .1s ease;
}

.emotion-0:last-of-type {
  border-bottom: none;
}

.emotion-0:hover {
  background: #F0F0F5;
}

.emotion-0:focus {
  outline: 0;
  border-radius: 3px;
  box-shadow: inset 0 0 0 2px #0069D0;
}

<div>
  <ul
    class="emotion-2"
  >
    <li
      aria-selected="false"
      class="emotion-0"
      role="option"
    >
      Item 1
    </li>
    <li
      aria-selected="false"
      class="emotion-0"
      role="option"
    >
      Item 2
    </li>
  </ul>
</div>
`;
