// Jest Snapshot v1, https://goo.gl/fbAQLP

exports[`should render correctly 1`] = `
.emotion-6 {
  position: relative;
}

.emotion-6 input {
  padding-right: 4.5rem;
}

.emotion-2 {
  position: absolute;
  right: 2.5rem;
  background: transparent;
  border: none;
  cursor: pointer;
  height: 100%;
  display: -webkit-inline-box;
  display: -webkit-inline-flex;
  display: -ms-inline-flexbox;
  display: inline-flex;
  -webkit-box-pack: center;
  -webkit-justify-content: center;
  -ms-flex-pack: center;
  justify-content: center;
  -webkit-align-items: center;
  -webkit-box-align: center;
  -ms-flex-align: center;
  align-items: center;
  outline: 0;
  color: #53595E;
  padding: 1px 6px;
}

.emotion-2:hover {
  color: #D83A2E;
}

.emotion-5 {
  position: absolute;
  background-color: #F2F2F7;
  display: -webkit-box;
  display: -webkit-flex;
  display: -ms-flexbox;
  display: flex;
  -webkit-align-items: center;
  -webkit-box-align: center;
  -ms-flex-align: center;
  align-items: center;
  -webkit-box-pack: center;
  -webkit-justify-content: center;
  -ms-flex-pack: center;
  justify-content: center;
  padding: 0.25rem;
  width: 2.5rem;
  top: 1px;
  bottom: 1px;
  right: 1px;
}

.emotion-0 {
  background-color: #FFFFFF;
  border: solid 1px #B9B9BD;
  border-radius: 2px;
  color: #2D343B;
  line-height: 1rem;
  padding: calc(0.5rem - 1px) 0.5rem;
  width: 100%;
  -webkit-transition-property: box-shadow;
  transition-property: box-shadow;
  -webkit-transition-duration: .2s;
  transition-duration: .2s;
}

.emotion-0:required {
  box-shadow: none;
}

.emotion-0::-webkit-input-placeholder {
  color: #B9B9BD;
}

.emotion-0::-moz-placeholder {
  color: #B9B9BD;
}

.emotion-0:-ms-input-placeholder {
  color: #B9B9BD;
}

.emotion-0::placeholder {
  color: #B9B9BD;
}

.emotion-0:disabled {
  border-color: #DCDCE0;
  background-color: #F2F2F7;
}

.emotion-0:not(:disabled):hover {
  border-color: #818489;
}

.emotion-0:not(:disabled):focus {
  outline: none;
  box-shadow: 0 0 0 2px #F2F2F7,0 0 0 4px #0A67D1;
}

.emotion-0:not(:disabled):active {
  border-color: #0A67D1;
  box-shadow: 0 2px 4px 0 rgba(0,0,0,0.09);
}

.emotion-1 {
  fill: currentColor;
  font-size: 1.5rem;
}

.emotion-4 {
  display: -webkit-inline-box;
  display: -webkit-inline-flex;
  display: -ms-inline-flexbox;
  display: inline-flex;
  -webkit-box-pack: center;
  -webkit-justify-content: center;
  -ms-flex-pack: center;
  justify-content: center;
  line-height: 1.5rem;
  position: relative;
  -webkit-user-select: none;
  -moz-user-select: none;
  -ms-user-select: none;
  user-select: none;
  -webkit-transition: all .2s;
  transition: all .2s;
  font-weight: bold;
  cursor: pointer;
  background-color: transparent;
  border: 1px solid transparent;
  border-radius: 4px;
  color: #2D343B;
  font-size: 0.875rem;
  padding: calc(0.25rem - 1px) calc(0.5rem - 1px);
  border-radius: inherit;
}

.emotion-4 > span {
  -webkit-align-items: center;
  -webkit-box-align: center;
  -ms-flex-align: center;
  align-items: center;
  display: -webkit-inline-box;
  display: -webkit-inline-flex;
  display: -ms-inline-flexbox;
  display: inline-flex;
}

.emotion-4:not(:disabled):active {
  box-shadow: inset 0 2px 8px 0 rgba(0,0,0,0.1);
}

.emotion-4:focus {
  outline: none;
  box-shadow: 0 0 0 2px #0A67D1;
}

.emotion-4:not(:disabled):hover {
  background-color: rgba(45,52,59,0.1);
}

.emotion-4:focus {
  box-shadow: none;
}

.emotion-7 {
  position: relative;
}

<div>
  <div
    data-name="select1"
  >
    <div
      aria-expanded="false"
      aria-haspopup="listbox"
      aria-labelledby="downshift-0-label"
      role="combobox"
    >
      <div
        class="emotion-6"
      >
        <input
          aria-autocomplete="list"
          aria-labelledby="downshift-0-label"
          autocomplete="off"
          class="emotion-0"
          id="downshift-0-input"
          name="select1"
          type="text"
          value="Item #1"
        />
        <span
          class="emotion-2"
          role="button"
          tabindex="-1"
          title="Limpar"
        >
          <svg
            aria-hidden="true"
            class="emotion-1"
            height="1em"
            role="img"
            viewBox="0 0 24 24"
            width="1em"
          >
            <path
              d="M8.071 6.657l4.243 4.242 4.242-4.242c.464-.48.935-.48 1.415 0s.48.95 0 1.414l-4.243 4.243 4.243 4.242c.471.472.471.943 0 1.415-.472.471-.943.471-1.415 0l-4.242-4.243L8.07 17.97c-.46.482-.932.482-1.414 0-.482-.483-.482-.954 0-1.415l4.242-4.242L6.657 8.07c-.472-.47-.472-.942 0-1.414s.943-.472 1.414 0z"
            />
          </svg>
        </span>
        <span
          class="emotion-5"
        >
          <button
            class="emotion-4"
            tabindex="-1"
            type="button"
          >
            <span>
              <svg
                aria-hidden="true"
                class="emotion-1"
                height="1em"
                role="img"
                viewBox="0 0 24 24"
                width="1em"
              >
                <path
                  d="M16.294 8.294a1 1 0 1 1 1.414 1.414l-5 5a1 1 0 0 1-1.414 0l-5.001-5a1 1 0 0 1 1.414-1.415l4.294 4.294 4.293-4.293z"
                />
              </svg>
            </span>
          </button>
        </span>
      </div>
      <div
        class="emotion-7"
      />
    </div>
  </div>
</div>
`;

exports[`should render correctly when multiple 1`] = `
.emotion-5 {
  position: relative;
}

.emotion-4 {
  background-color: #FFFFFF;
  border: solid 1px #B9B9BD;
  border-radius: 2px;
  color: #2D343B;
  line-height: 1rem;
  padding: calc(0.25rem - 1px) 0.25rem;
  width: 100%;
  -webkit-transition-property: box-shadow;
  transition-property: box-shadow;
  -webkit-transition-duration: .2s;
  transition-duration: .2s;
  cursor: text;
  display: -webkit-box;
  display: -webkit-flex;
  display: -ms-flexbox;
  display: flex;
  -webkit-flex-wrap: wrap;
  -ms-flex-wrap: wrap;
  flex-wrap: wrap;
  -webkit-align-items: center;
  -webkit-box-align: center;
  -ms-flex-align: center;
  align-items: center;
}

.emotion-4:required {
  box-shadow: none;
}

.emotion-4:hover {
  border-color: #818489;
}

.emotion-4:active {
  border-color: #0A67D1;
  box-shadow: 0 2px 4px 0 rgba(0,0,0,0.09);
}

.emotion-4:focus-within {
  outline: none;
  box-shadow: 0 0 0 2px #F2F2F7,0 0 0 4px #0A67D1;
}

.emotion-3 {
  padding: 0;
  -webkit-flex: 1;
  -ms-flex: 1;
  flex: 1;
  border: 0;
  outline: 0;
}

.emotion-3::-webkit-input-placeholder {
  color: #B9B9BD;
}

.emotion-3::-moz-placeholder {
  color: #B9B9BD;
}

.emotion-3:-ms-input-placeholder {
  color: #B9B9BD;
}

.emotion-3::placeholder {
  color: #B9B9BD;
}

.emotion-3:disabled {
  border-color: #DCDCE0;
  background-color: #F2F2F7;
}

.emotion-0 {
  padding: calc(0.125rem - 1px) 0.25rem;
}

.emotion-1 {
  background: #F2F2F7;
  cursor: pointer;
  font-size: 1.25rem;
  display: -webkit-inline-box;
  display: -webkit-inline-flex;
  display: -ms-inline-flexbox;
  display: inline-flex;
  -webkit-align-items: center;
  -webkit-box-align: center;
  -ms-flex-align: center;
  align-items: center;
  padding: calc(0.125rem - 1px) 0;
}

.emotion-1:hover {
  color: #D83A2E;
}

.emotion-1 svg {
  fill: currentColor;
}

.emotion-2 {
  border: 1px solid #DCDCE0;
  border-radius: 4px;
  display: -webkit-inline-box;
  display: -webkit-inline-flex;
  display: -ms-inline-flexbox;
  display: inline-flex;
  -webkit-align-items: center;
  -webkit-box-align: center;
  -ms-flex-align: center;
  align-items: center;
  font-weight: bold;
  margin-right: 0.25rem;
}

<div>
  <div
    data-name="select1"
  >
    <div
      aria-expanded="false"
      aria-haspopup="listbox"
      aria-labelledby="downshift-1-label"
      role="combobox"
    >
      <div
        class="emotion-4"
      >
        <span
          class="emotion-2"
        >
          <span
            class="emotion-0"
          >
            Item #1
          </span>
          <span
            class="emotion-1"
            title="Remover"
          >
            <svg
              height="1em"
              viewBox="0 0 24 24"
              width="1em"
            >
              <path
                d="M8.071 6.657l4.243 4.242 4.242-4.242c.464-.48.935-.48 1.415 0s.48.95 0 1.414l-4.243 4.243 4.243 4.242c.471.472.471.943 0 1.415-.472.471-.943.471-1.415 0l-4.242-4.243L8.07 17.97c-.46.482-.932.482-1.414 0-.482-.483-.482-.954 0-1.415l4.242-4.242L6.657 8.07c-.472-.47-.472-.942 0-1.414s.943-.472 1.414 0z"
              />
            </svg>
          </span>
        </span>
        <input
          aria-autocomplete="list"
          aria-labelledby="downshift-1-label"
          autocomplete="off"
          class="emotion-3"
          id="downshift-1-input"
          name="select1"
          type="text"
          value=""
        />
      </div>
      <div
        class="emotion-5"
      />
    </div>
  </div>
</div>
`;
