// Jest Snapshot v1, https://goo.gl/fbAQLP

exports[`should render correctly 1`] = `
<div>
  Test
</div>
`;

exports[`should render correctly 2`] = `
.emotion-0 {
  color: #D83A2E;
  margin-left: 0.25rem;
}

.emotion-1 {
  font-weight: bold;
  display: block;
  margin-bottom: 0.25rem;
}

.emotion-2 {
  display: -webkit-box;
  display: -webkit-flex;
  display: -ms-flexbox;
  display: flex;
  -webkit-align-items: center;
  -webkit-box-align: center;
  -ms-flex-align: center;
  align-items: center;
  color: #D83A2E;
  margin-top: 0.25rem;
}

<div
  data-name="test"
>
  <label
    class="emotion-1"
  >
    Label
    <span
      class="emotion-0"
      title="Campo obrigatÃ³rio"
    >
      *
    </span>
  </label>
  Teste
  <div
    class="emotion-2"
  >
    Error
  </div>
</div>
`;
