// Jest Snapshot v1, https://goo.gl/fbAQLP

exports[`should render complete state 1`] = `
.emotion-13 {
  background-color: #FFFFFF;
  border-radius: 4px;
  border: 1px solid #DCDCE0;
}

.emotion-5 {
  cursor: pointer;
  padding: 0.25rem;
}

.emotion-5 .accept-dashed-border {
  -webkit-align-items: center;
  -webkit-box-align: center;
  -ms-flex-align: center;
  align-items: center;
  display: -webkit-box;
  display: -webkit-flex;
  display: -ms-flexbox;
  display: flex;
  -webkit-flex-direction: column;
  -ms-flex-direction: column;
  flex-direction: column;
  border: 1px solid transparent;
  border-style: dashed;
  padding-bottom: 0.5rem;
  padding-top: 0.5rem;
}

.emotion-4 {
  display: -webkit-box;
  display: -webkit-flex;
  display: -ms-flexbox;
  display: flex;
  -webkit-align-items: center;
  -webkit-box-align: center;
  -ms-flex-align: center;
  align-items: center;
}

.emotion-1 {
  margin-top: 0rem;
  margin-right: 0.25rem;
  margin-bottom: 0rem;
  margin-left: 0.25rem;
  display: inline-block;
}

.emotion-1:first-of-type {
  margin-left: 0;
}

.emotion-1:last-of-type {
  margin-right: 0;
}

.emotion-1:empty {
  display: none;
}

.emotion-0 {
  fill: #53595E;
  font-size: 1.5rem;
}

.emotion-2 {
  color: #53595E;
  font-size: 0.875rem;
  font-weight: bold;
}

.emotion-12 {
  -webkit-align-items: center;
  -webkit-box-align: center;
  -ms-flex-align: center;
  align-items: center;
  border-top: 1px solid #DCDCE0;
  display: -webkit-box;
  display: -webkit-flex;
  display: -ms-flexbox;
  display: flex;
  padding: 1rem;
}

.emotion-11 {
  -webkit-box-flex: 1;
  -webkit-flex-grow: 1;
  -ms-flex-positive: 1;
  flex-grow: 1;
  margin-left: 1rem;
}

.emotion-6 {
  color: #53595E;
  font-weight: bold;
  background-color: #F2F2F7;
  border: 1px solid #DCDCE0;
  padding: 1rem;
}

.emotion-10 {
  -webkit-align-items: center;
  -webkit-box-align: center;
  -ms-flex-align: center;
  align-items: center;
  display: -webkit-box;
  display: -webkit-flex;
  display: -ms-flexbox;
  display: flex;
}

.emotion-8 {
  font-weight: bold;
  margin-right: 10px;
}

.emotion-7 {
  fill: #0A67D1;
  font-size: 1rem;
  margin-right: 5px;
}

<div
  class="emotion-13"
>
  <div
    aria-disabled="false"
    class="emotion-5"
    style="position:relative"
  >
    <div
      class="accept-dashed-border"
    >
      <div
        class="emotion-4"
      >
        <div
          class="emotion-1"
        >
          <svg
            aria-hidden="true"
            class="emotion-0"
            height="1em"
            role="img"
            viewBox="0 0 24 24"
            width="1em"
          >
            <path
              d="M13 7.414V15c0 .667-.333 1-1 1s-1-.333-1-1V7.414l-3.293 3.293a1 1 0 1 1-1.414-1.414l5-5a1 1 0 0 1 1.414 0l5.001 5.001a1 1 0 0 1-1.414 1.414L13 7.414zM4 19c.002-.667.335-1 1-1h14c.667-.004 1 .33 1 1.001 0 .672-.333 1.005-1 .999H5.002c-.67 0-1.004-.334-1.002-1z"
            />
          </svg>
        </div>
        <div
          class="emotion-1"
        >
          <span
            class="emotion-2"
          />
        </div>
      </div>
    </div>
    <input
      autocomplete="off"
      style="position:absolute;top:0;right:0;bottom:0;left:0;opacity:0.00001;pointer-events:none"
      type="file"
    />
  </div>
  <div
    class="emotion-12"
  >
    <span
      class="emotion-6"
    >
      pdf
    </span>
    <div
      class="emotion-11"
    >
      <div
        class="emotion-10"
      >
        <svg
          aria-hidden="true"
          class="emotion-7"
          height="1em"
          role="img"
          viewBox="0 0 24 24"
          width="1em"
        >
          <path
            d="M18.294 6.293a1 1 0 1 1 1.414 1.414l-9 9a1 1 0 0 1-1.414 0l-5.001-5.001a1 1 0 0 1 1.414-1.414l4.294 4.294 8.293-8.293z"
          />
        </svg>
        <span
          class="emotion-8"
        >
          teste.pdf
        </span>
        <span
          class="emotion-9"
        >
          0 Bytes
        </span>
      </div>
    </div>
  </div>
</div>
`;

exports[`should render initial state 1`] = `
.emotion-6 {
  background-color: #FFFFFF;
  border-radius: 4px;
  border: 1px solid #DCDCE0;
}

.emotion-5 {
  cursor: pointer;
  padding: 0.25rem;
}

.emotion-5 .accept-dashed-border {
  -webkit-align-items: center;
  -webkit-box-align: center;
  -ms-flex-align: center;
  align-items: center;
  display: -webkit-box;
  display: -webkit-flex;
  display: -ms-flexbox;
  display: flex;
  -webkit-flex-direction: column;
  -ms-flex-direction: column;
  flex-direction: column;
  border: 1px solid transparent;
  border-style: dashed;
  padding-bottom: 0.5rem;
  padding-top: 0.5rem;
}

.emotion-4 {
  display: -webkit-box;
  display: -webkit-flex;
  display: -ms-flexbox;
  display: flex;
  -webkit-align-items: center;
  -webkit-box-align: center;
  -ms-flex-align: center;
  align-items: center;
}

.emotion-1 {
  margin-top: 0rem;
  margin-right: 0.25rem;
  margin-bottom: 0rem;
  margin-left: 0.25rem;
  display: inline-block;
}

.emotion-1:first-of-type {
  margin-left: 0;
}

.emotion-1:last-of-type {
  margin-right: 0;
}

.emotion-1:empty {
  display: none;
}

.emotion-0 {
  fill: #53595E;
  font-size: 1.5rem;
}

.emotion-2 {
  color: #53595E;
  font-size: 0.875rem;
  font-weight: bold;
}

<div
  class="emotion-6"
>
  <div
    aria-disabled="false"
    class="emotion-5"
    style="position:relative"
  >
    <div
      class="accept-dashed-border"
    >
      <div
        class="emotion-4"
      >
        <div
          class="emotion-1"
        >
          <svg
            aria-hidden="true"
            class="emotion-0"
            height="1em"
            role="img"
            viewBox="0 0 24 24"
            width="1em"
          >
            <path
              d="M13 7.414V15c0 .667-.333 1-1 1s-1-.333-1-1V7.414l-3.293 3.293a1 1 0 1 1-1.414-1.414l5-5a1 1 0 0 1 1.414 0l5.001 5.001a1 1 0 0 1-1.414 1.414L13 7.414zM4 19c.002-.667.335-1 1-1h14c.667-.004 1 .33 1 1.001 0 .672-.333 1.005-1 .999H5.002c-.67 0-1.004-.334-1.002-1z"
            />
          </svg>
        </div>
        <div
          class="emotion-1"
        >
          <span
            class="emotion-2"
          />
        </div>
      </div>
    </div>
    <input
      autocomplete="off"
      style="position:absolute;top:0;right:0;bottom:0;left:0;opacity:0.00001;pointer-events:none"
      type="file"
    />
  </div>
</div>
`;

exports[`should render uploading state 1`] = `
.emotion-13 {
  background-color: #FFFFFF;
  border-radius: 4px;
  border: 1px solid #DCDCE0;
}

.emotion-5 {
  cursor: pointer;
  padding: 0.25rem;
}

.emotion-5 .accept-dashed-border {
  -webkit-align-items: center;
  -webkit-box-align: center;
  -ms-flex-align: center;
  align-items: center;
  display: -webkit-box;
  display: -webkit-flex;
  display: -ms-flexbox;
  display: flex;
  -webkit-flex-direction: column;
  -ms-flex-direction: column;
  flex-direction: column;
  border: 1px solid transparent;
  border-style: dashed;
  padding-bottom: 0.5rem;
  padding-top: 0.5rem;
}

.emotion-4 {
  display: -webkit-box;
  display: -webkit-flex;
  display: -ms-flexbox;
  display: flex;
  -webkit-align-items: center;
  -webkit-box-align: center;
  -ms-flex-align: center;
  align-items: center;
}

.emotion-1 {
  margin-top: 0rem;
  margin-right: 0.25rem;
  margin-bottom: 0rem;
  margin-left: 0.25rem;
  display: inline-block;
}

.emotion-1:first-of-type {
  margin-left: 0;
}

.emotion-1:last-of-type {
  margin-right: 0;
}

.emotion-1:empty {
  display: none;
}

.emotion-0 {
  fill: #53595E;
  font-size: 1.5rem;
}

.emotion-2 {
  color: #53595E;
  font-size: 0.875rem;
  font-weight: bold;
}

.emotion-12 {
  -webkit-align-items: center;
  -webkit-box-align: center;
  -ms-flex-align: center;
  align-items: center;
  border-top: 1px solid #DCDCE0;
  display: -webkit-box;
  display: -webkit-flex;
  display: -ms-flexbox;
  display: flex;
  padding: 1rem;
}

.emotion-11 {
  -webkit-box-flex: 1;
  -webkit-flex-grow: 1;
  -ms-flex-positive: 1;
  flex-grow: 1;
  margin-left: 1rem;
}

.emotion-6 {
  color: #53595E;
  font-weight: bold;
  background-color: #F2F2F7;
  border: 1px solid #DCDCE0;
  padding: 1rem;
}

.emotion-9 {
  -webkit-align-items: center;
  -webkit-box-align: center;
  -ms-flex-align: center;
  align-items: center;
  display: -webkit-box;
  display: -webkit-flex;
  display: -ms-flexbox;
  display: flex;
}

.emotion-7 {
  font-weight: bold;
  margin-right: 10px;
}

.emotion-10 {
  -webkit-appearance: none;
  -moz-appearance: none;
  appearance: none;
  border: none;
  height: 4px;
  width: 100%;
}

.emotion-10::-webkit-progress-bar {
  background-color: #F2F2F7;
  border-radius: 4px;
}

.emotion-10::-webkit-progress-value {
  background-color: #0A67D1;
  border-radius: 4px;
  -webkit-transition: all .3s;
  transition: all .3s;
}

.emotion-10::-moz-progress-bar {
  background-color: #0A67D1;
  border-radius: 4px;
  -webkit-transition: all .3s;
  transition: all .3s;
}

<div
  class="emotion-13"
>
  <div
    aria-disabled="false"
    class="emotion-5"
    style="position:relative"
  >
    <div
      class="accept-dashed-border"
    >
      <div
        class="emotion-4"
      >
        <div
          class="emotion-1"
        >
          <svg
            aria-hidden="true"
            class="emotion-0"
            height="1em"
            role="img"
            viewBox="0 0 24 24"
            width="1em"
          >
            <path
              d="M13 7.414V15c0 .667-.333 1-1 1s-1-.333-1-1V7.414l-3.293 3.293a1 1 0 1 1-1.414-1.414l5-5a1 1 0 0 1 1.414 0l5.001 5.001a1 1 0 0 1-1.414 1.414L13 7.414zM4 19c.002-.667.335-1 1-1h14c.667-.004 1 .33 1 1.001 0 .672-.333 1.005-1 .999H5.002c-.67 0-1.004-.334-1.002-1z"
            />
          </svg>
        </div>
        <div
          class="emotion-1"
        >
          <span
            class="emotion-2"
          />
        </div>
      </div>
    </div>
    <input
      autocomplete="off"
      style="position:absolute;top:0;right:0;bottom:0;left:0;opacity:0.00001;pointer-events:none"
      type="file"
    />
  </div>
  <div
    class="emotion-12"
  >
    <span
      class="emotion-6"
    >
      pdf
    </span>
    <div
      class="emotion-11"
    >
      <div
        class="emotion-9"
      >
        <span
          class="emotion-7"
        >
          teste.pdf
        </span>
        <span
          class="emotion-8"
        >
          0 Bytes
        </span>
      </div>
      <progress
        class="emotion-10"
        max="100"
        value="40"
      />
    </div>
  </div>
</div>
`;
