// Jest Snapshot v1, https://goo.gl/fbAQLP

exports[`should render correctly 1`] = `
.emotion-10 {
  display: -webkit-box;
  display: -webkit-flex;
  display: -ms-flexbox;
  display: flex;
  -webkit-align-items: center;
  -webkit-box-align: center;
  -ms-flex-align: center;
  align-items: center;
  list-style: none;
  padding: 0;
  margin: 0;
  -webkit-text-decoration: none;
  text-decoration: none;
}

.emotion-1 {
  display: -webkit-inline-box;
  display: -webkit-inline-flex;
  display: -ms-inline-flexbox;
  display: inline-flex;
  -webkit-align-items: center;
  -webkit-box-align: center;
  -ms-flex-align: center;
  align-items: center;
  color: #0069D0;
}

.emotion-9 {
  display: -webkit-inline-box;
  display: -webkit-inline-flex;
  display: -ms-inline-flexbox;
  display: inline-flex;
  -webkit-align-items: center;
  -webkit-box-align: center;
  -ms-flex-align: center;
  align-items: center;
  color: #0069D0;
  color: #24252E;
  pointer-events: none;
}

.emotion-0 {
  font-family: "IBM Plex Sans",sans-serif;
  font-size: 0.8125rem;
  line-height: 1.5;
  color: #0069D0;
  font-weight: bold;
  -webkit-text-decoration: underline;
  text-decoration: underline;
  cursor: pointer;
  outline: none;
  -webkit-transition: box-shadow .2s ease;
  transition: box-shadow .2s ease;
}

.emotion-0:hover {
  -webkit-text-decoration: none;
  text-decoration: none;
}

.emotion-0:focus {
  -webkit-text-decoration: none;
  text-decoration: none;
  border-radius: 2px;
  box-shadow: 0 0 0 2px #F0F0F5,0 0 0 4px #0069D0;
}

.emotion-2 {
  fill: currentColor;
  font-size: 1rem;
  color: #AAAAB9;
  margin: 0 .5rem;
  font-size: 1rem;
}

<div>
  <nav
    aria-label="Breadcrumbs"
  >
    <ol
      class="emotion-10"
    >
      <li
        class="emotion-1"
      >
        <a
          class="emotion-0"
          href="/first"
          tabindex="0"
        >
          Link 1
        </a>
      </li>
      <li
        aria-hidden="true"
        class="emotion-1"
        role="separator"
      >
        <svg
          aria-hidden="true"
          class="emotion-2"
          height="1em"
          role="img"
          viewBox="0 0 24 24"
          width="1em"
        >
          <path
            clip-rule="evenodd"
            d="M8.294 7.707a1 1 0 111.414-1.414l5 5a1 1 0 010 1.414l-5 5.001a1 1 0 01-1.415-1.414L12.587 12 8.294 7.707z"
            fill-rule="evenodd"
          />
        </svg>
      </li>
      <li
        class="emotion-1"
      >
        <a
          class="emotion-0"
          href="/first/second"
          tabindex="-1"
        >
          Link 2
        </a>
      </li>
      <li
        aria-hidden="true"
        class="emotion-1"
        role="separator"
      >
        <svg
          aria-hidden="true"
          class="emotion-2"
          height="1em"
          role="img"
          viewBox="0 0 24 24"
          width="1em"
        >
          <path
            clip-rule="evenodd"
            d="M8.294 7.707a1 1 0 111.414-1.414l5 5a1 1 0 010 1.414l-5 5.001a1 1 0 01-1.415-1.414L12.587 12 8.294 7.707z"
            fill-rule="evenodd"
          />
        </svg>
      </li>
      <li
        class="emotion-9"
      >
        <a
          class="emotion-0"
          href="/first/second/third"
          tabindex="-1"
        >
          Link 3
        </a>
      </li>
    </ol>
  </nav>
</div>
`;
