// Jest Snapshot v1, https://goo.gl/fbAQLP

exports[`should accept the style prop 1`] = `
.emotion-0 {
  font-weight: bold;
  color: blue;
}

<div>
  <label
    class="emotion-0"
  >
    Label
  </label>
</div>
`;

exports[`should render correctly 1`] = `
.emotion-0 {
  font-weight: bold;
}

<div>
  <label
    class="emotion-0"
  >
    Label
  </label>
</div>
`;

exports[`should render correctly 2`] = `
.emotion-1 {
  font-weight: bold;
}

.emotion-0 {
  color: #D83A2E;
  margin-left: 0.25rem;
}

<div>
  <label
    class="emotion-1"
    for="test"
  >
    Label
    <span
      class="emotion-0"
      title="Campo obrigatÃ³rio"
    >
      *
    </span>
  </label>
</div>
`;
