// Jest Snapshot v1, https://goo.gl/fbAQLP

exports[`render should render correctly 1`] = `
.emotion-0 {
  display: inline-block;
}

.emotion-1 {
  -webkit-transition: opacity .2s;
  transition: opacity .2s;
  z-index: 1200;
  padding: 0.25rem;
  visibility: hidden;
  opacity: 0;
}

<div
  class="emotion-0"
>
  <div
    class="emotion-0"
  >
    <span />
  </div>
  <div
    class="emotion-1"
    data-visible="false"
    style="position: absolute; top: 0px; left: 0px; opacity: 0; pointer-events: none;"
  >
    <div>
      Test
    </div>
  </div>
</div>
`;
