// Jest Snapshot v1, https://goo.gl/fbAQLP

exports[`MonthPicker should render correctly with month and year 1`] = `
.emotion-36 {
  display: -webkit-box;
  display: -webkit-flex;
  display: -ms-flexbox;
  display: flex;
  -webkit-flex-direction: column;
  -ms-flex-direction: column;
  flex-direction: column;
  background-color: #fff;
  width: 21.25rem;
  height: 13.5rem;
  padding: 1rem;
  border: 1px solid #DCDCE0;
  box-shadow: 0 1px 5px 0 rgba(0,0,0,0.2),0 3px 1px -2px rgba(0,0,0,0.12),0 2px 2px 0 rgba(0,0,0,0.14);
  border-radius: 2px;
}

.emotion-9 {
  margin-top: 0.25rem;
  margin-right: 0rem;
  margin-bottom: 0.25rem;
  margin-left: 0rem;
  display: inline-block;
}

.emotion-9:first-of-type {
  margin-top: 0;
}

.emotion-9:last-of-type {
  margin-bottom: 0;
}

.emotion-9:empty {
  display: none;
}

.emotion-8 {
  display: -webkit-box;
  display: -webkit-flex;
  display: -ms-flexbox;
  display: flex;
  -webkit-align-items: center;
  -webkit-box-align: center;
  -ms-flex-align: center;
  align-items: center;
  -webkit-box-pack: justify;
  -webkit-justify-content: space-between;
  -ms-flex-pack: justify;
  justify-content: space-between;
  padding: 0rem 1.5rem 0rem 1rem;
}

.emotion-2 {
  margin-top: 0rem;
  margin-right: 0.5rem;
  margin-bottom: 0rem;
  margin-left: 0.5rem;
  display: inline-block;
}

.emotion-2:first-of-type {
  margin-left: 0;
}

.emotion-2:last-of-type {
  margin-right: 0;
}

.emotion-2:empty {
  display: none;
}

.emotion-1 {
  display: -webkit-inline-box;
  display: -webkit-inline-flex;
  display: -ms-inline-flexbox;
  display: inline-flex;
  -webkit-box-pack: center;
  -webkit-justify-content: center;
  -ms-flex-pack: center;
  justify-content: center;
  line-height: 1.5rem;
  position: relative;
  -webkit-user-select: none;
  -moz-user-select: none;
  -ms-user-select: none;
  user-select: none;
  -webkit-transition: all .2s;
  transition: all .2s;
  font-weight: bold;
  cursor: pointer;
  background-color: transparent;
  border: 1px solid transparent;
  border-radius: 4px;
  color: #2D343B;
  font-size: 0.875rem;
  padding: calc(0.25rem - 1px) calc(0.5rem - 1px);
}

.emotion-1 > span {
  -webkit-align-items: center;
  -webkit-box-align: center;
  -ms-flex-align: center;
  align-items: center;
  display: -webkit-inline-box;
  display: -webkit-inline-flex;
  display: -ms-inline-flexbox;
  display: inline-flex;
  -webkit-transition: color .2s;
  transition: color .2s;
}

.emotion-1 > span > :not(:last-child) {
  margin-right: 0.5rem;
}

.emotion-1:not(:disabled):active {
  box-shadow: inset 0 2px 8px 0 rgba(0,0,0,0.1);
}

.emotion-1:focus {
  outline: none;
  box-shadow: 0 0 0 2px #0A67D1;
}

.emotion-1:not(:disabled):hover {
  background-color: rgba(45,52,59,0.1);
}

.emotion-0 {
  fill: currentColor;
  font-size: 1.5rem;
}

.emotion-3 {
  font-size: 0.875rem;
  font-weight: bold;
}

.emotion-34 {
  display: -webkit-box;
  display: -webkit-flex;
  display: -ms-flexbox;
  display: flex;
  -webkit-flex-wrap: wrap;
  -ms-flex-wrap: wrap;
  flex-wrap: wrap;
}

.emotion-11 {
  margin-top: 0.5rem;
  margin-right: 0.1875rem;
  margin-bottom: 0.5rem;
  margin-left: 0.1875rem;
  display: inline-block;
}

.emotion-11:first-of-type {
  margin-left: 0;
}

.emotion-11:last-of-type {
  margin-right: 0;
}

.emotion-11:empty {
  display: none;
}

.emotion-10 {
  display: -webkit-inline-box;
  display: -webkit-inline-flex;
  display: -ms-inline-flexbox;
  display: inline-flex;
  -webkit-box-pack: center;
  -webkit-justify-content: center;
  -ms-flex-pack: center;
  justify-content: center;
  line-height: 1.5rem;
  position: relative;
  -webkit-user-select: none;
  -moz-user-select: none;
  -ms-user-select: none;
  user-select: none;
  -webkit-transition: all .2s;
  transition: all .2s;
  font-weight: bold;
  cursor: pointer;
  background-color: transparent;
  border: 1px solid transparent;
  border-radius: 4px;
  color: #2D343B;
  font-size: 0.875rem;
  padding: calc(0.75rem - 1px) 2.5rem;
  padding: calc(0.25rem - 1px) 1.375rem;
  -webkit-transition-property: background;
  transition-property: background;
  background: #0A67D1 !important;
  color: #FFFFFF;
}

.emotion-10 > span {
  -webkit-align-items: center;
  -webkit-box-align: center;
  -ms-flex-align: center;
  align-items: center;
  display: -webkit-inline-box;
  display: -webkit-inline-flex;
  display: -ms-inline-flexbox;
  display: inline-flex;
  -webkit-transition: color .2s;
  transition: color .2s;
}

.emotion-10 > span > :not(:last-child) {
  margin-right: 0.5rem;
}

.emotion-10:not(:disabled):active {
  box-shadow: inset 0 2px 8px 0 rgba(0,0,0,0.1);
}

.emotion-10:focus {
  outline: none;
  box-shadow: 0 0 0 2px #0A67D1;
}

.emotion-10:not(:disabled):hover {
  background-color: rgba(45,52,59,0.1);
}

.emotion-12 {
  display: -webkit-inline-box;
  display: -webkit-inline-flex;
  display: -ms-inline-flexbox;
  display: inline-flex;
  -webkit-box-pack: center;
  -webkit-justify-content: center;
  -ms-flex-pack: center;
  justify-content: center;
  line-height: 1.5rem;
  position: relative;
  -webkit-user-select: none;
  -moz-user-select: none;
  -ms-user-select: none;
  user-select: none;
  -webkit-transition: all .2s;
  transition: all .2s;
  font-weight: bold;
  cursor: pointer;
  background-color: transparent;
  border: 1px solid transparent;
  border-radius: 4px;
  color: #2D343B;
  font-size: 0.875rem;
  padding: calc(0.75rem - 1px) 2.5rem;
  padding: calc(0.25rem - 1px) 1.375rem;
  -webkit-transition-property: background;
  transition-property: background;
}

.emotion-12 > span {
  -webkit-align-items: center;
  -webkit-box-align: center;
  -ms-flex-align: center;
  align-items: center;
  display: -webkit-inline-box;
  display: -webkit-inline-flex;
  display: -ms-inline-flexbox;
  display: inline-flex;
  -webkit-transition: color .2s;
  transition: color .2s;
}

.emotion-12 > span > :not(:last-child) {
  margin-right: 0.5rem;
}

.emotion-12:not(:disabled):active {
  box-shadow: inset 0 2px 8px 0 rgba(0,0,0,0.1);
}

.emotion-12:focus {
  outline: none;
  box-shadow: 0 0 0 2px #0A67D1;
}

.emotion-12:not(:disabled):hover {
  background-color: rgba(45,52,59,0.1);
}

<div>
  <div>
    <div
      class="emotion-36"
    >
      <div
        class="emotion-9"
      >
        <div
          class="emotion-8"
        >
          <div
            class="emotion-2"
          >
            <button
              class="emotion-1"
              title="Ano anterior"
              type="button"
            >
              <span>
                <svg
                  aria-hidden="true"
                  class="emotion-0"
                  height="1em"
                  role="img"
                  viewBox="0 0 24 24"
                  width="1em"
                >
                  <path
                    d="M14.707 16.294a1 1 0 1 1-1.414 1.414l-5-5a1 1 0 0 1 0-1.414l5.001-5.001a1 1 0 0 1 1.414 1.414l-4.294 4.294 4.293 4.293z"
                  />
                </svg>
              </span>
            </button>
          </div>
          <div
            class="emotion-2"
          >
            <span
              class="emotion-3"
            >
              2019
            </span>
          </div>
          <div
            class="emotion-2"
          >
            <button
              class="emotion-1"
              title="Ano posterior"
              type="button"
            >
              <span>
                <svg
                  aria-hidden="true"
                  class="emotion-0"
                  height="1em"
                  role="img"
                  viewBox="0 0 24 24"
                  width="1em"
                >
                  <path
                    d="M8.294 7.707a1 1 0 1 1 1.414-1.414l5 5a1 1 0 0 1 0 1.414l-5 5.001a1 1 0 0 1-1.415-1.414L12.587 12 8.294 7.707z"
                  />
                </svg>
              </span>
            </button>
          </div>
        </div>
      </div>
      <div
        class="emotion-9"
      >
        <div
          class="emotion-34"
        >
          <div
            class="emotion-11"
          >
            <button
              class="emotion-10"
              type="button"
            >
              <span>
                <span>
                  Jan
                </span>
              </span>
            </button>
          </div>
          <div
            class="emotion-11"
          >
            <button
              class="emotion-12"
              type="button"
            >
              <span>
                <span>
                  Fev
                </span>
              </span>
            </button>
          </div>
          <div
            class="emotion-11"
          >
            <button
              class="emotion-12"
              type="button"
            >
              <span>
                <span>
                  Mar
                </span>
              </span>
            </button>
          </div>
          <div
            class="emotion-11"
          >
            <button
              class="emotion-12"
              type="button"
            >
              <span>
                <span>
                  Abr
                </span>
              </span>
            </button>
          </div>
          <div
            class="emotion-11"
          >
            <button
              class="emotion-12"
              type="button"
            >
              <span>
                <span>
                  Mai
                </span>
              </span>
            </button>
          </div>
          <div
            class="emotion-11"
          >
            <button
              class="emotion-12"
              type="button"
            >
              <span>
                <span>
                  Jun
                </span>
              </span>
            </button>
          </div>
          <div
            class="emotion-11"
          >
            <button
              class="emotion-12"
              type="button"
            >
              <span>
                <span>
                  Jul
                </span>
              </span>
            </button>
          </div>
          <div
            class="emotion-11"
          >
            <button
              class="emotion-12"
              type="button"
            >
              <span>
                <span>
                  Ago
                </span>
              </span>
            </button>
          </div>
          <div
            class="emotion-11"
          >
            <button
              class="emotion-12"
              type="button"
            >
              <span>
                <span>
                  Set
                </span>
              </span>
            </button>
          </div>
          <div
            class="emotion-11"
          >
            <button
              class="emotion-12"
              type="button"
            >
              <span>
                <span>
                  Out
                </span>
              </span>
            </button>
          </div>
          <div
            class="emotion-11"
          >
            <button
              class="emotion-12"
              type="button"
            >
              <span>
                <span>
                  Nov
                </span>
              </span>
            </button>
          </div>
          <div
            class="emotion-11"
          >
            <button
              class="emotion-12"
              type="button"
            >
              <span>
                <span>
                  Dez
                </span>
              </span>
            </button>
          </div>
        </div>
      </div>
    </div>
  </div>
</div>
`;
