// Jest Snapshot v1, https://goo.gl/fbAQLP

exports[`MonthPickerInput should render correctly 1`] = `
.emotion-5 {
  display: block;
}

.emotion-4 {
  position: relative;
}

.emotion-4 input {
  padding-right: 3rem;
}

.emotion-3 {
  position: absolute;
  background-color: #F2F2F7;
  display: -webkit-box;
  display: -webkit-flex;
  display: -ms-flexbox;
  display: flex;
  -webkit-align-items: center;
  -webkit-box-align: center;
  -ms-flex-align: center;
  align-items: center;
  -webkit-box-pack: center;
  -webkit-justify-content: center;
  -ms-flex-pack: center;
  justify-content: center;
  padding: 0.25rem;
  width: 2.5rem;
  top: 1px;
  bottom: 1px;
  right: 1px;
}

.emotion-0 {
  background-color: #FFFFFF;
  border: solid 1px #B9B9BD;
  border-radius: 2px;
  color: #2D343B;
  line-height: 1rem;
  padding: calc(0.5rem - 1px) 0.5rem;
  width: 100%;
  -webkit-transition-property: box-shadow;
  transition-property: box-shadow;
  -webkit-transition-duration: .2s;
  transition-duration: .2s;
}

.emotion-0::-webkit-input-placeholder {
  color: #B9B9BD;
}

.emotion-0::-moz-placeholder {
  color: #B9B9BD;
}

.emotion-0:-ms-input-placeholder {
  color: #B9B9BD;
}

.emotion-0::placeholder {
  color: #B9B9BD;
}

.emotion-0:disabled {
  border-color: #DCDCE0;
  background-color: #F2F2F7;
}

.emotion-0:not(:disabled):hover {
  border-color: #818489;
}

.emotion-0:not(:disabled):focus {
  outline: none;
  box-shadow: 0 0 0 2px #F2F2F7,0 0 0 4px #0A67D1;
}

.emotion-0:not(:disabled):active {
  border-color: #0A67D1;
  box-shadow: 0 2px 4px 0 rgba(0,0,0,0.09);
}

.emotion-2 {
  display: -webkit-inline-box;
  display: -webkit-inline-flex;
  display: -ms-inline-flexbox;
  display: inline-flex;
  -webkit-box-pack: center;
  -webkit-justify-content: center;
  -ms-flex-pack: center;
  justify-content: center;
  line-height: 1.5rem;
  position: relative;
  -webkit-user-select: none;
  -moz-user-select: none;
  -ms-user-select: none;
  user-select: none;
  -webkit-transition: all .2s;
  transition: all .2s;
  font-weight: bold;
  cursor: pointer;
  background-color: transparent;
  border: 1px solid transparent;
  border-radius: 4px;
  color: #2D343B;
  font-size: 0.875rem;
  padding: calc(0.25rem - 1px) calc(0.5rem - 1px);
  border-radius: inherit;
}

.emotion-2 > span {
  -webkit-align-items: center;
  -webkit-box-align: center;
  -ms-flex-align: center;
  align-items: center;
  display: -webkit-inline-box;
  display: -webkit-inline-flex;
  display: -ms-inline-flexbox;
  display: inline-flex;
  -webkit-transition: color .2s;
  transition: color .2s;
}

.emotion-2 > span > :not(:last-child) {
  margin-right: 0.5rem;
}

.emotion-2:not(:disabled):active {
  box-shadow: inset 0 2px 8px 0 rgba(0,0,0,0.1);
}

.emotion-2:focus {
  outline: none;
  box-shadow: 0 0 0 2px #0A67D1;
}

.emotion-2:not(:disabled):hover {
  background-color: rgba(45,52,59,0.1);
}

.emotion-2:focus {
  box-shadow: none;
}

.emotion-1 {
  fill: currentColor;
  font-size: 1.5rem;
}

.emotion-43 {
  -webkit-transition: opacity .2s;
  transition: opacity .2s;
  z-index: 1200;
  padding: 0rem;
  visibility: hidden;
  opacity: 0;
}

.emotion-42 {
  display: -webkit-box;
  display: -webkit-flex;
  display: -ms-flexbox;
  display: flex;
  -webkit-flex-direction: column;
  -ms-flex-direction: column;
  flex-direction: column;
  background-color: #fff;
  width: 21.25rem;
  height: 13.5rem;
  padding: 1rem;
  border: 1px solid #DCDCE0;
  box-shadow: 0 1px 5px 0 rgba(0,0,0,0.2),0 3px 1px -2px rgba(0,0,0,0.12),0 2px 2px 0 rgba(0,0,0,0.14);
  border-radius: 2px;
}

.emotion-15 {
  margin-top: 0.25rem;
  margin-right: 0rem;
  margin-bottom: 0.25rem;
  margin-left: 0rem;
  display: inline-block;
}

.emotion-15:first-of-type {
  margin-top: 0;
}

.emotion-15:last-of-type {
  margin-bottom: 0;
}

.emotion-15:empty {
  display: none;
}

.emotion-14 {
  display: -webkit-box;
  display: -webkit-flex;
  display: -ms-flexbox;
  display: flex;
  -webkit-align-items: center;
  -webkit-box-align: center;
  -ms-flex-align: center;
  align-items: center;
  -webkit-box-pack: justify;
  -webkit-justify-content: space-between;
  -ms-flex-pack: justify;
  justify-content: space-between;
  padding: 0rem 1.5rem 0rem 1rem;
}

.emotion-8 {
  margin-top: 0rem;
  margin-right: 0.5rem;
  margin-bottom: 0rem;
  margin-left: 0.5rem;
  display: inline-block;
}

.emotion-8:first-of-type {
  margin-left: 0;
}

.emotion-8:last-of-type {
  margin-right: 0;
}

.emotion-8:empty {
  display: none;
}

.emotion-7 {
  display: -webkit-inline-box;
  display: -webkit-inline-flex;
  display: -ms-inline-flexbox;
  display: inline-flex;
  -webkit-box-pack: center;
  -webkit-justify-content: center;
  -ms-flex-pack: center;
  justify-content: center;
  line-height: 1.5rem;
  position: relative;
  -webkit-user-select: none;
  -moz-user-select: none;
  -ms-user-select: none;
  user-select: none;
  -webkit-transition: all .2s;
  transition: all .2s;
  font-weight: bold;
  cursor: pointer;
  background-color: transparent;
  border: 1px solid transparent;
  border-radius: 4px;
  color: #2D343B;
  font-size: 0.875rem;
  padding: calc(0.25rem - 1px) calc(0.5rem - 1px);
}

.emotion-7 > span {
  -webkit-align-items: center;
  -webkit-box-align: center;
  -ms-flex-align: center;
  align-items: center;
  display: -webkit-inline-box;
  display: -webkit-inline-flex;
  display: -ms-inline-flexbox;
  display: inline-flex;
  -webkit-transition: color .2s;
  transition: color .2s;
}

.emotion-7 > span > :not(:last-child) {
  margin-right: 0.5rem;
}

.emotion-7:not(:disabled):active {
  box-shadow: inset 0 2px 8px 0 rgba(0,0,0,0.1);
}

.emotion-7:focus {
  outline: none;
  box-shadow: 0 0 0 2px #0A67D1;
}

.emotion-7:not(:disabled):hover {
  background-color: rgba(45,52,59,0.1);
}

.emotion-9 {
  font-size: 0.875rem;
  font-weight: bold;
}

.emotion-40 {
  display: -webkit-box;
  display: -webkit-flex;
  display: -ms-flexbox;
  display: flex;
  -webkit-flex-wrap: wrap;
  -ms-flex-wrap: wrap;
  flex-wrap: wrap;
}

.emotion-17 {
  margin-top: 0.5rem;
  margin-right: 0.1875rem;
  margin-bottom: 0.5rem;
  margin-left: 0.1875rem;
  display: inline-block;
}

.emotion-17:first-of-type {
  margin-left: 0;
}

.emotion-17:last-of-type {
  margin-right: 0;
}

.emotion-17:empty {
  display: none;
}

.emotion-16 {
  display: -webkit-inline-box;
  display: -webkit-inline-flex;
  display: -ms-inline-flexbox;
  display: inline-flex;
  -webkit-box-pack: center;
  -webkit-justify-content: center;
  -ms-flex-pack: center;
  justify-content: center;
  line-height: 1.5rem;
  position: relative;
  -webkit-user-select: none;
  -moz-user-select: none;
  -ms-user-select: none;
  user-select: none;
  -webkit-transition: all .2s;
  transition: all .2s;
  font-weight: bold;
  cursor: pointer;
  background-color: transparent;
  border: 1px solid transparent;
  border-radius: 4px;
  color: #2D343B;
  font-size: 0.875rem;
  padding: calc(0.75rem - 1px) 2.5rem;
  padding: calc(0.25rem - 1px) 1.375rem;
  -webkit-transition-property: background;
  transition-property: background;
}

.emotion-16 > span {
  -webkit-align-items: center;
  -webkit-box-align: center;
  -ms-flex-align: center;
  align-items: center;
  display: -webkit-inline-box;
  display: -webkit-inline-flex;
  display: -ms-inline-flexbox;
  display: inline-flex;
  -webkit-transition: color .2s;
  transition: color .2s;
}

.emotion-16 > span > :not(:last-child) {
  margin-right: 0.5rem;
}

.emotion-16:not(:disabled):active {
  box-shadow: inset 0 2px 8px 0 rgba(0,0,0,0.1);
}

.emotion-16:focus {
  outline: none;
  box-shadow: 0 0 0 2px #0A67D1;
}

.emotion-16:not(:disabled):hover {
  background-color: rgba(45,52,59,0.1);
}

<div>
  <div
    class="emotion-5"
  >
    <div
      class="emotion-5"
    >
      <div
        class="emotion-4"
      >
        <input
          class="emotion-0"
          placeholder="mm/yyyy"
          type="text"
          value=""
        />
        <span
          class="emotion-3"
        >
          <button
            class="emotion-2"
            tabindex="-1"
            type="button"
          >
            <span>
              <svg
                aria-hidden="true"
                class="emotion-1"
                height="1em"
                role="img"
                viewBox="0 0 24 24"
                width="1em"
              >
                <defs>
                  <path
                    d="M6 4h1V3c-.002-.667.33-1 1-1 .67 0 1.004.333 1.004 1v1H15V2.941c0-.627.333-.941 1-.941s1 .314 1 .941V4h1c1.333 0 2 .667 2 2v14c0 1.333-.667 2-2 2H6c-1.333 0-2-.667-2-2V6.004C4 4.668 4.667 4 6 4zm0 16h12V10H6v10zM6 6h12v2H6V6zm3 8h1c.667 0 1-.333 1-1s-.333-1-1-1h-.998c-.667-.001-1.001.332-1.002 1 0 .668.333 1.001 1 1zm5 0h1c.667 0 1-.333 1-1s-.333-1-1-1h-.998c-.667-.001-1.001.332-1.002 1 0 .668.333 1.001 1 1zm-5 4h1c.667 0 1-.333 1-1s-.333-1-1-1h-.998c-.667-.001-1.001.332-1.002 1 0 .668.333 1.001 1 1zm5 0h1c.667 0 1-.333 1-1s-.333-1-1-1h-.998c-.667-.001-1.001.332-1.002 1 0 .668.333 1.001 1 1z"
                    id="calendar-outline_svg__a"
                  />
                </defs>
                <use
                  xlink:href="#calendar-outline_svg__a"
                />
              </svg>
            </span>
          </button>
        </span>
      </div>
    </div>
    <div
      class="emotion-43"
      data-visible="false"
      style="position: absolute; top: 0px; left: 0px; opacity: 0; pointer-events: none;"
    >
      <div>
        <div
          class="emotion-42"
        >
          <div
            class="emotion-15"
          >
            <div
              class="emotion-14"
            >
              <div
                class="emotion-8"
              >
                <button
                  class="emotion-7"
                  title="Ano anterior"
                  type="button"
                >
                  <span>
                    <svg
                      aria-hidden="true"
                      class="emotion-1"
                      height="1em"
                      role="img"
                      viewBox="0 0 24 24"
                      width="1em"
                    >
                      <path
                        d="M14.707 16.294a1 1 0 1 1-1.414 1.414l-5-5a1 1 0 0 1 0-1.414l5.001-5.001a1 1 0 0 1 1.414 1.414l-4.294 4.294 4.293 4.293z"
                      />
                    </svg>
                  </span>
                </button>
              </div>
              <div
                class="emotion-8"
              >
                <span
                  class="emotion-9"
                >
                  2019
                </span>
              </div>
              <div
                class="emotion-8"
              >
                <button
                  class="emotion-7"
                  title="Ano posterior"
                  type="button"
                >
                  <span>
                    <svg
                      aria-hidden="true"
                      class="emotion-1"
                      height="1em"
                      role="img"
                      viewBox="0 0 24 24"
                      width="1em"
                    >
                      <path
                        d="M8.294 7.707a1 1 0 1 1 1.414-1.414l5 5a1 1 0 0 1 0 1.414l-5 5.001a1 1 0 0 1-1.415-1.414L12.587 12 8.294 7.707z"
                      />
                    </svg>
                  </span>
                </button>
              </div>
            </div>
          </div>
          <div
            class="emotion-15"
          >
            <div
              class="emotion-40"
            >
              <div
                class="emotion-17"
              >
                <button
                  class="emotion-16"
                  type="button"
                >
                  <span>
                    <span>
                      Jan
                    </span>
                  </span>
                </button>
              </div>
              <div
                class="emotion-17"
              >
                <button
                  class="emotion-16"
                  type="button"
                >
                  <span>
                    <span>
                      Fev
                    </span>
                  </span>
                </button>
              </div>
              <div
                class="emotion-17"
              >
                <button
                  class="emotion-16"
                  type="button"
                >
                  <span>
                    <span>
                      Mar
                    </span>
                  </span>
                </button>
              </div>
              <div
                class="emotion-17"
              >
                <button
                  class="emotion-16"
                  type="button"
                >
                  <span>
                    <span>
                      Abr
                    </span>
                  </span>
                </button>
              </div>
              <div
                class="emotion-17"
              >
                <button
                  class="emotion-16"
                  type="button"
                >
                  <span>
                    <span>
                      Mai
                    </span>
                  </span>
                </button>
              </div>
              <div
                class="emotion-17"
              >
                <button
                  class="emotion-16"
                  type="button"
                >
                  <span>
                    <span>
                      Jun
                    </span>
                  </span>
                </button>
              </div>
              <div
                class="emotion-17"
              >
                <button
                  class="emotion-16"
                  type="button"
                >
                  <span>
                    <span>
                      Jul
                    </span>
                  </span>
                </button>
              </div>
              <div
                class="emotion-17"
              >
                <button
                  class="emotion-16"
                  type="button"
                >
                  <span>
                    <span>
                      Ago
                    </span>
                  </span>
                </button>
              </div>
              <div
                class="emotion-17"
              >
                <button
                  class="emotion-16"
                  type="button"
                >
                  <span>
                    <span>
                      Set
                    </span>
                  </span>
                </button>
              </div>
              <div
                class="emotion-17"
              >
                <button
                  class="emotion-16"
                  type="button"
                >
                  <span>
                    <span>
                      Out
                    </span>
                  </span>
                </button>
              </div>
              <div
                class="emotion-17"
              >
                <button
                  class="emotion-16"
                  type="button"
                >
                  <span>
                    <span>
                      Nov
                    </span>
                  </span>
                </button>
              </div>
              <div
                class="emotion-17"
              >
                <button
                  class="emotion-16"
                  type="button"
                >
                  <span>
                    <span>
                      Dez
                    </span>
                  </span>
                </button>
              </div>
            </div>
          </div>
        </div>
      </div>
    </div>
  </div>
</div>
`;
