// Jest Snapshot v1, https://goo.gl/fbAQLP

exports[`render correctly 1`] = `
.emotion-0 {
  font-weight: bold;
  display: block;
  margin-bottom: 0.25rem;
}

.emotion-2 {
  position: relative;
}

.emotion-1 {
  background-color: #FFFFFF;
  border: solid 1px #B9B9BD;
  border-radius: 2px;
  color: #2D343B;
  line-height: 1rem;
  padding: calc(0.5rem - 1px) 0.5rem;
  width: 100%;
  -webkit-transition-property: box-shadow;
  transition-property: box-shadow;
  -webkit-transition-duration: .2s;
  transition-duration: .2s;
}

.emotion-1::-webkit-input-placeholder {
  color: #B9B9BD;
}

.emotion-1::-moz-placeholder {
  color: #B9B9BD;
}

.emotion-1:-ms-input-placeholder {
  color: #B9B9BD;
}

.emotion-1::placeholder {
  color: #B9B9BD;
}

.emotion-1:disabled {
  border-color: #DCDCE0;
  background-color: #F2F2F7;
}

.emotion-1:not(:disabled):hover {
  border-color: #818489;
}

.emotion-1:not(:disabled):focus {
  outline: none;
  box-shadow: 0 0 0 2px #F2F2F7,0 0 0 4px #0A67D1;
}

.emotion-1:not(:disabled):active {
  border-color: #0A67D1;
  box-shadow: 0 2px 4px 0 rgba(0,0,0,0.09);
}

<div
  data-name="test"
>
  <label
    class="emotion-0"
  >
    Mask test
  </label>
  <div
    class="emotion-2"
  >
    <input
      aria-label="Mask test"
      class="emotion-1"
      name="test"
      placeholder="Test"
      type="text"
      value=""
    />
  </div>
</div>
`;

exports[`render with icon 1`] = `
.emotion-0 {
  background-color: #FFFFFF;
  border: solid 1px #B9B9BD;
  border-radius: 2px;
  color: #2D343B;
  line-height: 1rem;
  padding: calc(0.5rem - 1px) 0.5rem;
  width: 100%;
  -webkit-transition-property: box-shadow;
  transition-property: box-shadow;
  -webkit-transition-duration: .2s;
  transition-duration: .2s;
}

.emotion-0::-webkit-input-placeholder {
  color: #B9B9BD;
}

.emotion-0::-moz-placeholder {
  color: #B9B9BD;
}

.emotion-0:-ms-input-placeholder {
  color: #B9B9BD;
}

.emotion-0::placeholder {
  color: #B9B9BD;
}

.emotion-0:disabled {
  border-color: #DCDCE0;
  background-color: #F2F2F7;
}

.emotion-0:not(:disabled):hover {
  border-color: #818489;
}

.emotion-0:not(:disabled):focus {
  outline: none;
  box-shadow: 0 0 0 2px #F2F2F7,0 0 0 4px #0A67D1;
}

.emotion-0:not(:disabled):active {
  border-color: #0A67D1;
  box-shadow: 0 2px 4px 0 rgba(0,0,0,0.09);
}

.emotion-4 {
  position: relative;
}

.emotion-4 input {
  padding-right: 3rem;
}

.emotion-3 {
  position: absolute;
  background-color: #F2F2F7;
  display: -webkit-box;
  display: -webkit-flex;
  display: -ms-flexbox;
  display: flex;
  -webkit-align-items: center;
  -webkit-box-align: center;
  -ms-flex-align: center;
  align-items: center;
  -webkit-box-pack: center;
  -webkit-justify-content: center;
  -ms-flex-pack: center;
  justify-content: center;
  padding: 0.25rem;
  width: 2.5rem;
  top: 1px;
  bottom: 1px;
  right: 1px;
}

.emotion-2 {
  display: -webkit-inline-box;
  display: -webkit-inline-flex;
  display: -ms-inline-flexbox;
  display: inline-flex;
  -webkit-box-pack: center;
  -webkit-justify-content: center;
  -ms-flex-pack: center;
  justify-content: center;
  line-height: 1.5rem;
  position: relative;
  -webkit-user-select: none;
  -moz-user-select: none;
  -ms-user-select: none;
  user-select: none;
  -webkit-transition: all .2s;
  transition: all .2s;
  font-weight: bold;
  cursor: pointer;
  background-color: transparent;
  border: 1px solid transparent;
  border-radius: 4px;
  color: #2D343B;
  font-size: 0.875rem;
  padding: calc(0.25rem - 1px) calc(0.5rem - 1px);
  border-radius: inherit;
}

.emotion-2 > span {
  -webkit-align-items: center;
  -webkit-box-align: center;
  -ms-flex-align: center;
  align-items: center;
  display: -webkit-inline-box;
  display: -webkit-inline-flex;
  display: -ms-inline-flexbox;
  display: inline-flex;
  -webkit-transition: color .2s;
  transition: color .2s;
}

.emotion-2 > span > :not(:last-child) {
  margin-right: 0.5rem;
}

.emotion-2:not(:disabled):active {
  box-shadow: inset 0 2px 8px 0 rgba(0,0,0,0.1);
}

.emotion-2:focus {
  outline: none;
  box-shadow: 0 0 0 2px #0A67D1;
}

.emotion-2:not(:disabled):hover {
  background-color: rgba(45,52,59,0.1);
}

.emotion-2:focus {
  box-shadow: none;
}

.emotion-1 {
  fill: currentColor;
  font-size: 1.5rem;
}

<div
  data-name="test"
>
  <div
    class="emotion-4"
  >
    <input
      class="emotion-0"
      name="test"
      type="text"
      value=""
    />
    <span
      class="emotion-3"
    >
      <button
        class="emotion-2"
        tabindex="-1"
        type="button"
      >
        <span>
          <svg
            aria-hidden="true"
            class="emotion-1"
            height="1em"
            role="img"
            viewBox="0 0 24 24"
            width="1em"
          >
            <path
              d="M12.89 11.478l1.936 1.936c.943-.943 1.886-.943 2.828 0l3.829 3.829c.943.942.943 1.885 0 2.828l-1.414 1.414c-.943.943-1.886.943-2.829 0l-3.828-3.828c-.943-.943-.942-1.887.002-2.831-.001.001-.647-.644-1.937-1.936a6 6 0 1 1 1.412-1.412zm1.99 4.744l3.83 3.829 1.414-1.415-3.829-3.828-1.414 1.414zM8 12a4 4 0 1 0 0-8 4 4 0 0 0 0 8z"
            />
          </svg>
        </span>
      </button>
    </span>
  </div>
</div>
`;
