// Jest Snapshot v1, https://goo.gl/fbAQLP

exports[`Modal accept style prop 1`] = `
.emotion-4 {
  position: fixed;
  left: 50%;
  top: 50%;
  -webkit-transform: translate(-50%,-50%);
  -ms-transform: translate(-50%,-50%);
  transform: translate(-50%,-50%);
  width: 100%;
  pointer-events: none;
  z-index: 1100;
  display: -webkit-box;
  display: -webkit-flex;
  display: -ms-flexbox;
  display: flex;
  -webkit-box-pack: center;
  -webkit-justify-content: center;
  -ms-flex-pack: center;
  justify-content: center;
}

.emotion-1 {
  display: -webkit-inline-box;
  display: -webkit-inline-flex;
  display: -ms-inline-flexbox;
  display: inline-flex;
  -webkit-box-pack: center;
  -webkit-justify-content: center;
  -ms-flex-pack: center;
  justify-content: center;
  line-height: 1.5rem;
  position: relative;
  -webkit-user-select: none;
  -moz-user-select: none;
  -ms-user-select: none;
  user-select: none;
  -webkit-transition: all .2s;
  transition: all .2s;
  font-weight: bold;
  cursor: pointer;
  background-color: transparent;
  border: 1px solid transparent;
  border-radius: 4px;
  color: #2D343B;
  font-size: 0.875rem;
  padding: calc(0.25rem - 1px) calc(0.5rem - 1px);
  float: right;
}

.emotion-1 > span {
  -webkit-align-items: center;
  -webkit-box-align: center;
  -ms-flex-align: center;
  align-items: center;
  display: -webkit-inline-box;
  display: -webkit-inline-flex;
  display: -ms-inline-flexbox;
  display: inline-flex;
  -webkit-transition: color .2s;
  transition: color .2s;
}

.emotion-1 > span > :not(:last-child) {
  margin-right: 0.5rem;
}

.emotion-1:not(:disabled):active {
  box-shadow: inset 0 2px 8px 0 rgba(0,0,0,0.1);
}

.emotion-1:focus {
  outline: none;
  box-shadow: 0 0 0 2px #0A67D1;
}

.emotion-1:not(:disabled):hover {
  background-color: rgba(45,52,59,0.1);
}

.emotion-0 {
  fill: currentColor;
  font-size: 1.5rem;
}

.emotion-2 {
  padding: 2.5rem;
}

.emotion-5 {
  position: fixed;
  z-index: 1050;
  top: 0;
  left: 0;
  bottom: 0;
  right: 0;
  background: rgba(230,230,230,0.7);
}

.emotion-6 {
  -webkit-transition: all .2s;
  transition: all .2s;
  display: inline;
  visibility: visible;
  opacity: 1;
}

.emotion-3 {
  border: 1px solid #DCDCE0;
  box-shadow: 0 8px 10px -5px rgba(0,0,0,0.2),0 6px 30px 5px rgba(0,0,0,0.12),0 16px 24px 2px rgba(0,0,0,0.14);
  border-radius: 4px;
  background-color: #FFFFFF;
  min-width: 520px;
  pointer-events: auto;
  max-height: 80vh;
  overflow: auto;
  width: 850px;
  color: red;
}

<div
  class="emotion-6"
>
  <div
    class="emotion-4"
  >
    <div
      class="emotion-3"
    >
      <button
        class="emotion-1"
        type="button"
      >
        <span>
          <svg
            aria-hidden="true"
            class="emotion-0"
            height="1em"
            role="img"
            viewBox="0 0 24 24"
            width="1em"
          >
            <path
              d="M8.071 6.657l4.243 4.242 4.242-4.242c.464-.48.935-.48 1.415 0s.48.95 0 1.414l-4.243 4.243 4.243 4.242c.471.472.471.943 0 1.415-.472.471-.943.471-1.415 0l-4.242-4.243L8.07 17.97c-.46.482-.932.482-1.414 0-.482-.483-.482-.954 0-1.415l4.242-4.242L6.657 8.07c-.472-.47-.472-.942 0-1.414s.943-.472 1.414 0z"
            />
          </svg>
        </span>
      </button>
      <div
        class="emotion-2"
      >
        Testing.
      </div>
    </div>
  </div>
  <div
    class="emotion-5"
  />
</div>
`;

exports[`Modal render different sizes 1`] = `
.emotion-4 {
  position: fixed;
  left: 50%;
  top: 50%;
  -webkit-transform: translate(-50%,-50%);
  -ms-transform: translate(-50%,-50%);
  transform: translate(-50%,-50%);
  width: 100%;
  pointer-events: none;
  z-index: 1100;
  display: -webkit-box;
  display: -webkit-flex;
  display: -ms-flexbox;
  display: flex;
  -webkit-box-pack: center;
  -webkit-justify-content: center;
  -ms-flex-pack: center;
  justify-content: center;
}

.emotion-1 {
  display: -webkit-inline-box;
  display: -webkit-inline-flex;
  display: -ms-inline-flexbox;
  display: inline-flex;
  -webkit-box-pack: center;
  -webkit-justify-content: center;
  -ms-flex-pack: center;
  justify-content: center;
  line-height: 1.5rem;
  position: relative;
  -webkit-user-select: none;
  -moz-user-select: none;
  -ms-user-select: none;
  user-select: none;
  -webkit-transition: all .2s;
  transition: all .2s;
  font-weight: bold;
  cursor: pointer;
  background-color: transparent;
  border: 1px solid transparent;
  border-radius: 4px;
  color: #2D343B;
  font-size: 0.875rem;
  padding: calc(0.25rem - 1px) calc(0.5rem - 1px);
  float: right;
}

.emotion-1 > span {
  -webkit-align-items: center;
  -webkit-box-align: center;
  -ms-flex-align: center;
  align-items: center;
  display: -webkit-inline-box;
  display: -webkit-inline-flex;
  display: -ms-inline-flexbox;
  display: inline-flex;
  -webkit-transition: color .2s;
  transition: color .2s;
}

.emotion-1 > span > :not(:last-child) {
  margin-right: 0.5rem;
}

.emotion-1:not(:disabled):active {
  box-shadow: inset 0 2px 8px 0 rgba(0,0,0,0.1);
}

.emotion-1:focus {
  outline: none;
  box-shadow: 0 0 0 2px #0A67D1;
}

.emotion-1:not(:disabled):hover {
  background-color: rgba(45,52,59,0.1);
}

.emotion-0 {
  fill: currentColor;
  font-size: 1.5rem;
}

.emotion-2 {
  padding: 2.5rem;
}

.emotion-5 {
  position: fixed;
  z-index: 1050;
  top: 0;
  left: 0;
  bottom: 0;
  right: 0;
  background: rgba(230,230,230,0.7);
}

.emotion-6 {
  -webkit-transition: all .2s;
  transition: all .2s;
  display: inline;
  visibility: visible;
  opacity: 1;
}

.emotion-3 {
  border: 1px solid #DCDCE0;
  box-shadow: 0 8px 10px -5px rgba(0,0,0,0.2),0 6px 30px 5px rgba(0,0,0,0.12),0 16px 24px 2px rgba(0,0,0,0.14);
  border-radius: 4px;
  background-color: #FFFFFF;
  min-width: 520px;
  pointer-events: auto;
  max-height: 80vh;
  overflow: auto;
  width: 520px;
}

<div
  class="emotion-6"
>
  <div
    class="emotion-4"
  >
    <div
      class="emotion-3"
    >
      <button
        class="emotion-1"
        type="button"
      >
        <span>
          <svg
            aria-hidden="true"
            class="emotion-0"
            height="1em"
            role="img"
            viewBox="0 0 24 24"
            width="1em"
          >
            <path
              d="M8.071 6.657l4.243 4.242 4.242-4.242c.464-.48.935-.48 1.415 0s.48.95 0 1.414l-4.243 4.243 4.243 4.242c.471.472.471.943 0 1.415-.472.471-.943.471-1.415 0l-4.242-4.243L8.07 17.97c-.46.482-.932.482-1.414 0-.482-.483-.482-.954 0-1.415l4.242-4.242L6.657 8.07c-.472-.47-.472-.942 0-1.414s.943-.472 1.414 0z"
            />
          </svg>
        </span>
      </button>
      <div
        class="emotion-2"
      >
        Testing.
      </div>
    </div>
  </div>
  <div
    class="emotion-5"
  />
</div>
`;

exports[`Modal render different sizes 2`] = `
.emotion-4 {
  position: fixed;
  left: 50%;
  top: 50%;
  -webkit-transform: translate(-50%,-50%);
  -ms-transform: translate(-50%,-50%);
  transform: translate(-50%,-50%);
  width: 100%;
  pointer-events: none;
  z-index: 1100;
  display: -webkit-box;
  display: -webkit-flex;
  display: -ms-flexbox;
  display: flex;
  -webkit-box-pack: center;
  -webkit-justify-content: center;
  -ms-flex-pack: center;
  justify-content: center;
}

.emotion-3 {
  border: 1px solid #DCDCE0;
  box-shadow: 0 8px 10px -5px rgba(0,0,0,0.2),0 6px 30px 5px rgba(0,0,0,0.12),0 16px 24px 2px rgba(0,0,0,0.14);
  border-radius: 4px;
  background-color: #FFFFFF;
  min-width: 520px;
  pointer-events: auto;
  max-height: 80vh;
  overflow: auto;
  width: 850px;
}

.emotion-1 {
  display: -webkit-inline-box;
  display: -webkit-inline-flex;
  display: -ms-inline-flexbox;
  display: inline-flex;
  -webkit-box-pack: center;
  -webkit-justify-content: center;
  -ms-flex-pack: center;
  justify-content: center;
  line-height: 1.5rem;
  position: relative;
  -webkit-user-select: none;
  -moz-user-select: none;
  -ms-user-select: none;
  user-select: none;
  -webkit-transition: all .2s;
  transition: all .2s;
  font-weight: bold;
  cursor: pointer;
  background-color: transparent;
  border: 1px solid transparent;
  border-radius: 4px;
  color: #2D343B;
  font-size: 0.875rem;
  padding: calc(0.25rem - 1px) calc(0.5rem - 1px);
  float: right;
}

.emotion-1 > span {
  -webkit-align-items: center;
  -webkit-box-align: center;
  -ms-flex-align: center;
  align-items: center;
  display: -webkit-inline-box;
  display: -webkit-inline-flex;
  display: -ms-inline-flexbox;
  display: inline-flex;
  -webkit-transition: color .2s;
  transition: color .2s;
}

.emotion-1 > span > :not(:last-child) {
  margin-right: 0.5rem;
}

.emotion-1:not(:disabled):active {
  box-shadow: inset 0 2px 8px 0 rgba(0,0,0,0.1);
}

.emotion-1:focus {
  outline: none;
  box-shadow: 0 0 0 2px #0A67D1;
}

.emotion-1:not(:disabled):hover {
  background-color: rgba(45,52,59,0.1);
}

.emotion-0 {
  fill: currentColor;
  font-size: 1.5rem;
}

.emotion-2 {
  padding: 2.5rem;
}

.emotion-5 {
  position: fixed;
  z-index: 1050;
  top: 0;
  left: 0;
  bottom: 0;
  right: 0;
  background: rgba(230,230,230,0.7);
}

.emotion-6 {
  -webkit-transition: all .2s;
  transition: all .2s;
  display: inline;
  visibility: visible;
  opacity: 1;
}

<div
  class="emotion-6"
>
  <div
    class="emotion-4"
  >
    <div
      class="emotion-3"
    >
      <button
        class="emotion-1"
        type="button"
      >
        <span>
          <svg
            aria-hidden="true"
            class="emotion-0"
            height="1em"
            role="img"
            viewBox="0 0 24 24"
            width="1em"
          >
            <path
              d="M8.071 6.657l4.243 4.242 4.242-4.242c.464-.48.935-.48 1.415 0s.48.95 0 1.414l-4.243 4.243 4.243 4.242c.471.472.471.943 0 1.415-.472.471-.943.471-1.415 0l-4.242-4.243L8.07 17.97c-.46.482-.932.482-1.414 0-.482-.483-.482-.954 0-1.415l4.242-4.242L6.657 8.07c-.472-.47-.472-.942 0-1.414s.943-.472 1.414 0z"
            />
          </svg>
        </span>
      </button>
      <div
        class="emotion-2"
      >
        Testing.
      </div>
    </div>
  </div>
  <div
    class="emotion-5"
  />
</div>
`;

exports[`Modal render different sizes 3`] = `
.emotion-4 {
  position: fixed;
  left: 50%;
  top: 50%;
  -webkit-transform: translate(-50%,-50%);
  -ms-transform: translate(-50%,-50%);
  transform: translate(-50%,-50%);
  width: 100%;
  pointer-events: none;
  z-index: 1100;
  display: -webkit-box;
  display: -webkit-flex;
  display: -ms-flexbox;
  display: flex;
  -webkit-box-pack: center;
  -webkit-justify-content: center;
  -ms-flex-pack: center;
  justify-content: center;
}

.emotion-1 {
  display: -webkit-inline-box;
  display: -webkit-inline-flex;
  display: -ms-inline-flexbox;
  display: inline-flex;
  -webkit-box-pack: center;
  -webkit-justify-content: center;
  -ms-flex-pack: center;
  justify-content: center;
  line-height: 1.5rem;
  position: relative;
  -webkit-user-select: none;
  -moz-user-select: none;
  -ms-user-select: none;
  user-select: none;
  -webkit-transition: all .2s;
  transition: all .2s;
  font-weight: bold;
  cursor: pointer;
  background-color: transparent;
  border: 1px solid transparent;
  border-radius: 4px;
  color: #2D343B;
  font-size: 0.875rem;
  padding: calc(0.25rem - 1px) calc(0.5rem - 1px);
  float: right;
}

.emotion-1 > span {
  -webkit-align-items: center;
  -webkit-box-align: center;
  -ms-flex-align: center;
  align-items: center;
  display: -webkit-inline-box;
  display: -webkit-inline-flex;
  display: -ms-inline-flexbox;
  display: inline-flex;
  -webkit-transition: color .2s;
  transition: color .2s;
}

.emotion-1 > span > :not(:last-child) {
  margin-right: 0.5rem;
}

.emotion-1:not(:disabled):active {
  box-shadow: inset 0 2px 8px 0 rgba(0,0,0,0.1);
}

.emotion-1:focus {
  outline: none;
  box-shadow: 0 0 0 2px #0A67D1;
}

.emotion-1:not(:disabled):hover {
  background-color: rgba(45,52,59,0.1);
}

.emotion-0 {
  fill: currentColor;
  font-size: 1.5rem;
}

.emotion-2 {
  padding: 2.5rem;
}

.emotion-5 {
  position: fixed;
  z-index: 1050;
  top: 0;
  left: 0;
  bottom: 0;
  right: 0;
  background: rgba(230,230,230,0.7);
}

.emotion-6 {
  -webkit-transition: all .2s;
  transition: all .2s;
  display: inline;
  visibility: visible;
  opacity: 1;
}

.emotion-3 {
  border: 1px solid #DCDCE0;
  box-shadow: 0 8px 10px -5px rgba(0,0,0,0.2),0 6px 30px 5px rgba(0,0,0,0.12),0 16px 24px 2px rgba(0,0,0,0.14);
  border-radius: 4px;
  background-color: #FFFFFF;
  min-width: 520px;
  pointer-events: auto;
  max-height: 80vh;
  overflow: auto;
  max-width: 80%;
}

<div
  class="emotion-6"
>
  <div
    class="emotion-4"
  >
    <div
      class="emotion-3"
    >
      <button
        class="emotion-1"
        type="button"
      >
        <span>
          <svg
            aria-hidden="true"
            class="emotion-0"
            height="1em"
            role="img"
            viewBox="0 0 24 24"
            width="1em"
          >
            <path
              d="M8.071 6.657l4.243 4.242 4.242-4.242c.464-.48.935-.48 1.415 0s.48.95 0 1.414l-4.243 4.243 4.243 4.242c.471.472.471.943 0 1.415-.472.471-.943.471-1.415 0l-4.242-4.243L8.07 17.97c-.46.482-.932.482-1.414 0-.482-.483-.482-.954 0-1.415l4.242-4.242L6.657 8.07c-.472-.47-.472-.942 0-1.414s.943-.472 1.414 0z"
            />
          </svg>
        </span>
      </button>
      <div
        class="emotion-2"
      >
        Testing.
      </div>
    </div>
  </div>
  <div
    class="emotion-5"
  />
</div>
`;

exports[`Modal should render closed 1`] = `
.emotion-8 {
  -webkit-transition: all .2s;
  transition: all .2s;
  display: inline;
  visibility: hidden;
  opacity: 0;
}

.emotion-6 {
  position: fixed;
  left: 50%;
  top: 50%;
  -webkit-transform: translate(-50%,-50%);
  -ms-transform: translate(-50%,-50%);
  transform: translate(-50%,-50%);
  width: 100%;
  pointer-events: none;
  z-index: 1100;
  display: -webkit-box;
  display: -webkit-flex;
  display: -ms-flexbox;
  display: flex;
  -webkit-box-pack: center;
  -webkit-justify-content: center;
  -ms-flex-pack: center;
  justify-content: center;
}

.emotion-5 {
  border: 1px solid #DCDCE0;
  box-shadow: 0 8px 10px -5px rgba(0,0,0,0.2),0 6px 30px 5px rgba(0,0,0,0.12),0 16px 24px 2px rgba(0,0,0,0.14);
  border-radius: 4px;
  background-color: #FFFFFF;
  min-width: 520px;
  pointer-events: auto;
  max-height: 80vh;
  overflow: auto;
  width: 850px;
}

.emotion-1 {
  display: -webkit-inline-box;
  display: -webkit-inline-flex;
  display: -ms-inline-flexbox;
  display: inline-flex;
  -webkit-box-pack: center;
  -webkit-justify-content: center;
  -ms-flex-pack: center;
  justify-content: center;
  line-height: 1.5rem;
  position: relative;
  -webkit-user-select: none;
  -moz-user-select: none;
  -ms-user-select: none;
  user-select: none;
  -webkit-transition: all .2s;
  transition: all .2s;
  font-weight: bold;
  cursor: pointer;
  background-color: transparent;
  border: 1px solid transparent;
  border-radius: 4px;
  color: #2D343B;
  font-size: 0.875rem;
  padding: calc(0.25rem - 1px) calc(0.5rem - 1px);
  float: right;
}

.emotion-1 > span {
  -webkit-align-items: center;
  -webkit-box-align: center;
  -ms-flex-align: center;
  align-items: center;
  display: -webkit-inline-box;
  display: -webkit-inline-flex;
  display: -ms-inline-flexbox;
  display: inline-flex;
  -webkit-transition: color .2s;
  transition: color .2s;
}

.emotion-1 > span > :not(:last-child) {
  margin-right: 0.5rem;
}

.emotion-1:not(:disabled):active {
  box-shadow: inset 0 2px 8px 0 rgba(0,0,0,0.1);
}

.emotion-1:focus {
  outline: none;
  box-shadow: 0 0 0 2px #0A67D1;
}

.emotion-1:not(:disabled):hover {
  background-color: rgba(45,52,59,0.1);
}

.emotion-0 {
  fill: currentColor;
  font-size: 1.5rem;
}

.emotion-2 {
  padding: 2.5rem;
}

.emotion-4 {
  background-color: #F2F2F7;
  padding: 1rem;
  border-bottom-left-radius: 4px;
  border-bottom-right-radius: 4px;
}

.emotion-3 {
  display: -webkit-inline-box;
  display: -webkit-inline-flex;
  display: -ms-inline-flexbox;
  display: inline-flex;
  -webkit-box-pack: center;
  -webkit-justify-content: center;
  -ms-flex-pack: center;
  justify-content: center;
  line-height: 1.5rem;
  position: relative;
  -webkit-user-select: none;
  -moz-user-select: none;
  -ms-user-select: none;
  user-select: none;
  -webkit-transition: all .2s;
  transition: all .2s;
  font-weight: bold;
  cursor: pointer;
  background-color: #FFFFFF;
  border: 1px solid #818489;
  border-radius: 4px;
  color: #2D343B;
  font-size: 0.875rem;
  padding: calc(0.75rem - 1px) 2.5rem;
}

.emotion-3 > span {
  -webkit-align-items: center;
  -webkit-box-align: center;
  -ms-flex-align: center;
  align-items: center;
  display: -webkit-inline-box;
  display: -webkit-inline-flex;
  display: -ms-inline-flexbox;
  display: inline-flex;
  -webkit-transition: color .2s;
  transition: color .2s;
}

.emotion-3 > span > :not(:last-child) {
  margin-right: 0.5rem;
}

.emotion-3:not(:disabled):active {
  box-shadow: inset 0 2px 8px 0 rgba(0,0,0,0.1);
}

.emotion-3:focus {
  outline: none;
  box-shadow: 0 0 0 2px #F2F2F7,0 0 0 4px #0A67D1;
}

.emotion-3:not(:disabled):hover {
  background-color: #ebebeb;
}

.emotion-7 {
  position: fixed;
  z-index: 1050;
  top: 0;
  left: 0;
  bottom: 0;
  right: 0;
  background: rgba(230,230,230,0.7);
}

<div
  class="emotion-8"
>
  <div
    class="emotion-6"
  >
    <div
      class="emotion-5"
    >
      <button
        class="emotion-1"
        type="button"
      >
        <span>
          <svg
            aria-hidden="true"
            class="emotion-0"
            height="1em"
            role="img"
            viewBox="0 0 24 24"
            width="1em"
          >
            <path
              d="M8.071 6.657l4.243 4.242 4.242-4.242c.464-.48.935-.48 1.415 0s.48.95 0 1.414l-4.243 4.243 4.243 4.242c.471.472.471.943 0 1.415-.472.471-.943.471-1.415 0l-4.242-4.243L8.07 17.97c-.46.482-.932.482-1.414 0-.482-.483-.482-.954 0-1.415l4.242-4.242L6.657 8.07c-.472-.47-.472-.942 0-1.414s.943-.472 1.414 0z"
            />
          </svg>
        </span>
      </button>
      <div
        class="emotion-2"
      >
        Testing.
      </div>
      <div
        class="emotion-4"
      >
        <button
          class="emotion-3"
          type="button"
        >
          <span>
            <span>
              Action
            </span>
          </span>
        </button>
      </div>
    </div>
  </div>
  <div
    class="emotion-7"
  />
</div>
`;

exports[`Modal should render open 1`] = `
.emotion-6 {
  position: fixed;
  left: 50%;
  top: 50%;
  -webkit-transform: translate(-50%,-50%);
  -ms-transform: translate(-50%,-50%);
  transform: translate(-50%,-50%);
  width: 100%;
  pointer-events: none;
  z-index: 1100;
  display: -webkit-box;
  display: -webkit-flex;
  display: -ms-flexbox;
  display: flex;
  -webkit-box-pack: center;
  -webkit-justify-content: center;
  -ms-flex-pack: center;
  justify-content: center;
}

.emotion-5 {
  border: 1px solid #DCDCE0;
  box-shadow: 0 8px 10px -5px rgba(0,0,0,0.2),0 6px 30px 5px rgba(0,0,0,0.12),0 16px 24px 2px rgba(0,0,0,0.14);
  border-radius: 4px;
  background-color: #FFFFFF;
  min-width: 520px;
  pointer-events: auto;
  max-height: 80vh;
  overflow: auto;
  width: 850px;
}

.emotion-1 {
  display: -webkit-inline-box;
  display: -webkit-inline-flex;
  display: -ms-inline-flexbox;
  display: inline-flex;
  -webkit-box-pack: center;
  -webkit-justify-content: center;
  -ms-flex-pack: center;
  justify-content: center;
  line-height: 1.5rem;
  position: relative;
  -webkit-user-select: none;
  -moz-user-select: none;
  -ms-user-select: none;
  user-select: none;
  -webkit-transition: all .2s;
  transition: all .2s;
  font-weight: bold;
  cursor: pointer;
  background-color: transparent;
  border: 1px solid transparent;
  border-radius: 4px;
  color: #2D343B;
  font-size: 0.875rem;
  padding: calc(0.25rem - 1px) calc(0.5rem - 1px);
  float: right;
}

.emotion-1 > span {
  -webkit-align-items: center;
  -webkit-box-align: center;
  -ms-flex-align: center;
  align-items: center;
  display: -webkit-inline-box;
  display: -webkit-inline-flex;
  display: -ms-inline-flexbox;
  display: inline-flex;
  -webkit-transition: color .2s;
  transition: color .2s;
}

.emotion-1 > span > :not(:last-child) {
  margin-right: 0.5rem;
}

.emotion-1:not(:disabled):active {
  box-shadow: inset 0 2px 8px 0 rgba(0,0,0,0.1);
}

.emotion-1:focus {
  outline: none;
  box-shadow: 0 0 0 2px #0A67D1;
}

.emotion-1:not(:disabled):hover {
  background-color: rgba(45,52,59,0.1);
}

.emotion-0 {
  fill: currentColor;
  font-size: 1.5rem;
}

.emotion-2 {
  padding: 2.5rem;
}

.emotion-4 {
  background-color: #F2F2F7;
  padding: 1rem;
  border-bottom-left-radius: 4px;
  border-bottom-right-radius: 4px;
}

.emotion-3 {
  display: -webkit-inline-box;
  display: -webkit-inline-flex;
  display: -ms-inline-flexbox;
  display: inline-flex;
  -webkit-box-pack: center;
  -webkit-justify-content: center;
  -ms-flex-pack: center;
  justify-content: center;
  line-height: 1.5rem;
  position: relative;
  -webkit-user-select: none;
  -moz-user-select: none;
  -ms-user-select: none;
  user-select: none;
  -webkit-transition: all .2s;
  transition: all .2s;
  font-weight: bold;
  cursor: pointer;
  background-color: #FFFFFF;
  border: 1px solid #818489;
  border-radius: 4px;
  color: #2D343B;
  font-size: 0.875rem;
  padding: calc(0.75rem - 1px) 2.5rem;
}

.emotion-3 > span {
  -webkit-align-items: center;
  -webkit-box-align: center;
  -ms-flex-align: center;
  align-items: center;
  display: -webkit-inline-box;
  display: -webkit-inline-flex;
  display: -ms-inline-flexbox;
  display: inline-flex;
  -webkit-transition: color .2s;
  transition: color .2s;
}

.emotion-3 > span > :not(:last-child) {
  margin-right: 0.5rem;
}

.emotion-3:not(:disabled):active {
  box-shadow: inset 0 2px 8px 0 rgba(0,0,0,0.1);
}

.emotion-3:focus {
  outline: none;
  box-shadow: 0 0 0 2px #F2F2F7,0 0 0 4px #0A67D1;
}

.emotion-3:not(:disabled):hover {
  background-color: #ebebeb;
}

.emotion-7 {
  position: fixed;
  z-index: 1050;
  top: 0;
  left: 0;
  bottom: 0;
  right: 0;
  background: rgba(230,230,230,0.7);
}

.emotion-8 {
  -webkit-transition: all .2s;
  transition: all .2s;
  display: inline;
  visibility: visible;
  opacity: 1;
}

<div
  class="emotion-8"
>
  <div
    class="emotion-6"
  >
    <div
      class="emotion-5"
    >
      <button
        class="emotion-1"
        type="button"
      >
        <span>
          <svg
            aria-hidden="true"
            class="emotion-0"
            height="1em"
            role="img"
            viewBox="0 0 24 24"
            width="1em"
          >
            <path
              d="M8.071 6.657l4.243 4.242 4.242-4.242c.464-.48.935-.48 1.415 0s.48.95 0 1.414l-4.243 4.243 4.243 4.242c.471.472.471.943 0 1.415-.472.471-.943.471-1.415 0l-4.242-4.243L8.07 17.97c-.46.482-.932.482-1.414 0-.482-.483-.482-.954 0-1.415l4.242-4.242L6.657 8.07c-.472-.47-.472-.942 0-1.414s.943-.472 1.414 0z"
            />
          </svg>
        </span>
      </button>
      <div
        class="emotion-2"
      >
        Testing.
      </div>
      <div
        class="emotion-4"
      >
        <button
          class="emotion-3"
          type="button"
        >
          <span>
            <span>
              Action
            </span>
          </span>
        </button>
      </div>
    </div>
  </div>
  <div
    class="emotion-7"
  />
</div>
`;
