// Jest Snapshot v1, https://goo.gl/fbAQLP

exports[`should export components to global namespace 1`] = `
Array [
  "Alert",
  "Breadcrumbs",
  "ButtonBase",
  "Button",
  "ButtonGroup",
  "Calendar",
  "MonthView",
  "MonthControl",
  "YearControl",
  "Checkbox",
  "Currency",
  "DateInput",
  "DateField",
  "DateRangeField",
  "Dropdown",
  "DropdownDivider",
  "DropdownItem",
  "DropdownMenu",
  "FileUploader",
  "FormControl",
  "FormLabel",
  "FormError",
  "Grid",
  "Cell",
  "Heading",
  "HeadingSection",
  "HFlow",
  "Highlight",
  "Icon",
  "InfoLabel",
  "Input",
  "Link",
  "MaskedTextField",
  "modal",
  "ModalStore",
  "ModalMountTarget",
  "Modal",
  "ModalBackdrop",
  "ModalBody",
  "ModalContainer",
  "ModalFooter",
  "MonthField",
  "MonthPaginator",
  "MonthPicker",
  "Number",
  "Paginator",
  "Paper",
  "Portal",
  "Progress",
  "Radio",
  "RootRef",
  "SelectMenu",
  "SelectMenuItem",
  "SelectEmptyItem",
  "SelectHelperMenuItem",
  "SelectLoadingItem",
  "SelectDownshift",
  "defaultSelectFilter",
  "SelectSingle",
  "SelectMultiInput",
  "SelectMultiItem",
  "MultiDownshift",
  "SelectMulti",
  "Select",
  "SelectAsync",
  "SelectInline",
  "Spinner",
  "Stepper",
  "Step",
  "getStepProps",
  "useStepperState",
  "StickyContainer",
  "Switch",
  "Table",
  "TableHead",
  "TableHeader",
  "TableBody",
  "TableRow",
  "TableCell",
  "SortableLabel",
  "createStyles",
  "toggleDirection",
  "TableFooter",
  "DataTable",
  "DataTableDefault",
  "TableFilledBody",
  "TableLoadingRow",
  "TablePlaceholderRow",
  "PagedTable",
  "Tabs",
  "TabItem",
  "Tag",
  "Text",
  "TextArea",
  "TextInputBase",
  "TextInput",
  "TextField",
  "TimeField",
  "Tooltip",
  "VFlow",
  "LocaleContext",
  "useLocale",
  "colors",
  "DefaultGlobalCss",
  "GlobalCss",
  "useTheme",
  "useCss",
  "useStyles",
  "breakpoints",
  "createBreakpoints",
  "createPallete",
  "createTypography",
  "createShadows",
  "radius",
  "ThemeContext",
  "ThemeProvider",
  "lightTheme",
  "darkTheme",
  "zIndex",
  "createTheme",
  "focusBoxShadow",
  "hexToRGB",
  "invertColorScale",
  "debounce",
  "isEmpty",
  "isEqual",
  "merge",
  "some",
  "isPromise",
  "Observable",
  "__types",
]
`;
